2026-10-03T06:41:26+00:00 R2 mgd[19722]: UI_CONFIGURATION_REVISION_UPDATED: New database revision 're0-1791009685-4' and old database revision 're0-1791009141-3'
2026-10-03T06:41:26+00:00 R2 mgd[19722]: UI_COMMIT_COMPLETED:  : commit complete 
2026-10-03T06:42:10+00:00 R2 rpd[19279]: JTASK_IO_CONNECT_FAILED: unix:/var/run/japi_rmopd_ac./var/run/japi_rmopd: Connecting to /var/run/japi_rmopd failed: No such file or directory
2026-10-03T06:43:43+00:00 R2 mgd[19722]: UI_DBASE_LOGOUT_EVENT: User 'admin' exiting configuration mode
2026-10-03T06:43:47+00:00 R2 mgd[19722]: UI_DBASE_LOGIN_EVENT: User 'admin' entering configuration mode
2026-10-03T06:44:17+00:00 R2 rpd[19279]: JTASK_IO_CONNECT_FAILED: unix:/var/run/japi_rmopd_ac./var/run/japi_rmopd: Connecting to /var/run/japi_rmopd failed: No such file or directory
2026-10-03T06:44:20+00:00 R2 mgd[19722]: UI_CFG_AUDIT_SET: User 'admin' set: [system location building] unconfigured -- "JNCIE"
2026-10-03T06:46:02+00:00 R2 chassisd[18895]: CHASSISD_FRU_UNRESPONSIVE_RETRY: Attempt 1 to power on FPC 0 timed out; restarted it
2026-10-03T06:46:02+00:00 R2 chassisd[18895]: CHASSISD_IPC_WRITE_ERR_NULL_ARGS: FRU has no connection arguments fru_send_msg FPC 0
2026-10-03T06:46:02+00:00 R2 chassisd[18895]: CHASSISD_FRU_OFFLINE_NOTICE: Taking FPC 0 offline: Restarting unresponsive board
2026-10-03T06:46:02+00:00 R2 chassisd[18895]: CHASSISD_SNMP_TRAP3: ENTITY trap generated: entStateOperDisabled (entPhysicalIndex 20, entStateAdmin 4, entStateAlarm 2)
2026-10-03T06:46:02+00:00 R2 chassisd[18895]: CHASSISD_SNMP_TRAP0: ENTITY trap generated: entConfigChanged
2026-10-03T06:46:02+00:00 R2 chassisd[18895]: CHASSISD_SNMP_TRAP10: SNMP trap generated: FRU power off (jnxFruContentsIndex 7, jnxFruL1Index 1, jnxFruL2Index 0, jnxFruL3Index 0, jnxFruName FPC: Virtual FPC @ 0/*/*, jnxFruType 3, jnxFruSlot 0, jnxFruOfflineReason 15, jnxFruLastPowerOff 90975, jnxFruLastPowerOn 974)
2026-10-03T06:46:02+00:00 R2 chassisd[18895]: CHASSISD_SNMP_TRAP10: SNMP trap generated: Fru Offline (jnxFruContentsIndex 7, jnxFruL1Index 1, jnxFruL2Index 0, jnxFruL3Index 0, jnxFruName FPC: Virtual FPC @ 0/*/*, jnxFruType 3, jnxFruSlot 0, jnxFruOfflineReason 15, jnxFruLastPowerOff 90975, jnxFruLastPowerOn 974)
2026-10-03T06:46:02+00:00 R2 chassisd[18895]: CHASSISD_SNMP_TRAP3: ENTITY trap generated: entStateOperDisabled (entPhysicalIndex 20, entStateAdmin 2, entStateAlarm 2)
2026-10-03T06:46:03+00:00 R2 rpd[19279]: JTASK_IO_CONNECT_FAILED: unix:/var/run/japi_rmopd_ac./var/run/japi_rmopd: Connecting to /var/run/japi_rmopd failed: No such file or directory
2026-10-03T06:46:18+00:00 R2 chassisd[18895]: CHASSISD_SNMP_TRAP10: SNMP trap generated: FRU power on (jnxFruContentsIndex 7, jnxFruL1Index 1, jnxFruL2Index 0, jnxFruL3Index 0, jnxFruName FPC: Virtual FPC @ 0/*/*, jnxFruType 3, jnxFruSlot 0, jnxFruOfflineReason 2, jnxFruLastPowerOff 90975, jnxFruLastPowerOn 92578)
2026-10-03T06:46:41+00:00 R2 mgd[19722]: UI_LOAD_EVENT: User 'admin' is performing a 'rollback'
2026-10-03T06:46:41+00:00 R2 mgd[19722]: UI_CFG_AUDIT_OTHER: User 'admin' rollback: /config/juniper.conf 
2026-10-03T06:46:46+00:00 R2 mgd[19722]: UI_CFG_AUDIT_OTHER: User 'admin' set: [system services telnet] 
2026-10-03T06:46:48+00:00 R2 mgd[19722]: UI_CFG_AUDIT_OTHER: User 'admin' set: [system services ftp] 
2026-10-03T06:47:41+00:00 R2 rpd[19279]: JTASK_IO_CONNECT_FAILED: unix:/var/run/japi_rmopd_ac./var/run/japi_rmopd: Connecting to /var/run/japi_rmopd failed: No such file or directory
2026-10-03T06:48:30+00:00 R2 mgd[19722]: UI_CFG_AUDIT_OTHER: User 'admin' set: [routing-instances mgmt_junos routing-options static route 10.10.10.0/24 next-hop 10.0.0.2] 
2026-10-03T06:48:57+00:00 R2 mgd[19722]: UI_CFG_AUDIT_SET: User 'admin' set: [routing-instances mgmt_junos routing-options static route 10.10.10.0/24] unconfigured -- "retain"
2026-10-03T06:49:15+00:00 R2 mgd[19722]: UI_CFG_AUDIT_SET: User 'admin' set: [routing-instances mgmt_junos routing-options static route 10.10.10.0/24] "retain -- "retain"
2026-10-03T06:49:15+00:00 R2 mgd[19722]: UI_CFG_AUDIT_SET: User 'admin' set: [routing-instances mgmt_junos routing-options static route 10.10.10.0/24] unconfigured -- "no-readvertise"
2026-10-03T06:49:18+00:00 R2 rpd[19279]: JTASK_IO_CONNECT_FAILED: unix:/var/run/japi_rmopd_ac./var/run/japi_rmopd: Connecting to /var/run/japi_rmopd failed: No such file or directory
2026-10-03T06:49:37+00:00 R2 mgd[19722]: UI_COMMIT: User 'admin' requested 'commit' operation (comment: none)
2026-10-03T06:49:39+00:00 R2 ffp: "dynamic-profiles": No change to profiles 
2026-10-03T06:49:39+00:00 R2 mgd[19722]: UI_COMMIT_CONFIRMED_REMINDER: 'commit confirmed' must be confirmed within 2 minutes
2026-10-03T06:49:39+00:00 R2 rpd[19279]: L2VPN acquiring mastership for primary
2026-10-03T06:49:39+00:00 R2 rpd[19279]: RPD_COMMIT_SYNC_STATUS: RPD commit sync completed on MASTER
2026-10-03T06:49:39+00:00 R2 rpd[19279]: L2CKT acquiring mastership for primary
2026-10-03T06:49:39+00:00 R2 rpd[19279]: RPD_COMMIT_JOBS_STATUS: RPD commit jobs started on MASTER
2026-10-03T06:49:39+00:00 R2 rpd[19279]: RPD_RT_HWM_NOTICE: New RIB highwatermark for unique destinations: 17 [2026-10-03 06:49:39]
2026-10-03T06:49:39+00:00 R2 rpd[19279]: RPD_RT_HWM_NOTICE: New RIB highwatermark for routes: 18 [2026-10-03 06:49:39]
2026-10-03T06:49:39+00:00 R2 rpd[19279]: RPD_COMMIT_JOBS_STATUS:  RPD commit jobs completed on MASTER
2026-10-03T06:49:39+00:00 R2 last message repeated 2 times
2026-10-03T06:49:39+00:00 R2 rpd[19279]: RPD_RT_HWM_NOTICE: New FIB highwatermark for routes: 3 [2026-10-03 06:49:39]
2026-10-03T06:49:39+00:00 R2 chassisd[18895]: CHASSISD_IPC_WRITE_ERR_NULL_ARGS: FRU has no connection arguments fru_send_msg FPC 0
2026-10-03T06:49:39+00:00 R2 mgd[19722]: UI_CONFIGURATION_REVISION_UPDATED: New database revision 're0-1791010177-5' and old database revision 're0-1791009685-4'
2026-10-03T06:49:39+00:00 R2 mgd[19722]: UI_COMMIT_COMPLETED:  : commit complete 
2026-10-03T06:50:15+00:00 R2 mgd[19722]: UI_COMMIT: User 'admin' requested 'commit' operation (comment: none)
2026-10-03T06:50:16+00:00 R2 ffp: "dynamic-profiles": No change to profiles 
2026-10-03T06:50:16+00:00 R2 mgd[19722]: UI_CONFIGURATION_REVISION_UPDATED: New database revision 're0-1791010215-6' and old database revision 're0-1791010177-5'
2026-10-03T06:50:16+00:00 R2 mgd[19722]: UI_COMMIT_COMPLETED:  : commit complete 
2026-10-03T06:51:09+00:00 R2 rpd[19279]: JTASK_IO_CONNECT_FAILED: unix:/var/run/japi_rmopd_ac./var/run/japi_rmopd: Connecting to /var/run/japi_rmopd failed: No such file or directory
2026-10-03T06:53:26+00:00 R2 rpd[19279]: JTASK_IO_CONNECT_FAILED: unix:/var/run/japi_rmopd_ac./var/run/japi_rmopd: Connecting to /var/run/japi_rmopd failed: No such file or directory
2026-10-03T06:55:16+00:00 R2 rpd[19279]: JTASK_IO_CONNECT_FAILED: unix:/var/run/japi_rmopd_ac./var/run/japi_rmopd: Connecting to /var/run/japi_rmopd failed: No such file or directory
2026-10-03T06:59:24+00:00 R2 last message repeated 2 times
2026-10-03T07:01:20+00:00 R2 chassisd[18895]: CHASSISD_FRU_UNRESPONSIVE_RETRY: Attempt 2 to power on FPC 0 timed out; restarted it
2026-10-03T07:01:20+00:00 R2 chassisd[18895]: CHASSISD_IPC_WRITE_ERR_NULL_ARGS: FRU has no connection arguments fru_send_msg FPC 0
2026-10-03T07:01:20+00:00 R2 chassisd[18895]: CHASSISD_FRU_OFFLINE_NOTICE: Taking FPC 0 offline: Restarting unresponsive board
2026-10-03T07:01:20+00:00 R2 chassisd[18895]: CHASSISD_SNMP_TRAP3: ENTITY trap generated: entStateOperDisabled (entPhysicalIndex 20, entStateAdmin 4, entStateAlarm 2)
2026-10-03T07:01:20+00:00 R2 chassisd[18895]: CHASSISD_SNMP_TRAP0: ENTITY trap generated: entConfigChanged
2026-10-03T07:01:20+00:00 R2 chassisd[18895]: CHASSISD_SNMP_TRAP10: SNMP trap generated: FRU power off (jnxFruContentsIndex 7, jnxFruL1Index 1, jnxFruL2Index 0, jnxFruL3Index 0, jnxFruName FPC: Virtual FPC @ 0/*/*, jnxFruType 3, jnxFruSlot 0, jnxFruOfflineReason 15, jnxFruLastPowerOff 182802, jnxFruLastPowerOn 92801)
2026-10-03T07:01:20+00:00 R2 chassisd[18895]: CHASSISD_SNMP_TRAP10: SNMP trap generated: Fru Offline (jnxFruContentsIndex 7, jnxFruL1Index 1, jnxFruL2Index 0, jnxFruL3Index 0, jnxFruName FPC: Virtual FPC @ 0/*/*, jnxFruType 3, jnxFruSlot 0, jnxFruOfflineReason 15, jnxFruLastPowerOff 182802, jnxFruLastPowerOn 92801)
2026-10-03T07:01:20+00:00 R2 chassisd[18895]: CHASSISD_SNMP_TRAP3: ENTITY trap generated: entStateOperDisabled (entPhysicalIndex 20, entStateAdmin 2, entStateAlarm 2)
2026-10-03T07:01:24+00:00 R2 rpd[19279]: JTASK_IO_CONNECT_FAILED: unix:/var/run/japi_rmopd_ac./var/run/japi_rmopd: Connecting to /var/run/japi_rmopd failed: No such file or directory
2026-10-03T07:01:36+00:00 R2 chassisd[18895]: CHASSISD_SNMP_TRAP10: SNMP trap generated: FRU power on (jnxFruContentsIndex 7, jnxFruL1Index 1, jnxFruL2Index 0, jnxFruL3Index 0, jnxFruName FPC: Virtual FPC @ 0/*/*, jnxFruType 3, jnxFruSlot 0, jnxFruOfflineReason 2, jnxFruLastPowerOff 182802, jnxFruLastPowerOn 184403)
2026-10-03T07:03:13+00:00 R2 rpd[19279]: JTASK_IO_CONNECT_FAILED: unix:/var/run/japi_rmopd_ac./var/run/japi_rmopd: Connecting to /var/run/japi_rmopd failed: No such file or directory
2026-10-03T07:03:57+00:00 R2 mgd[19722]: UI_CFG_AUDIT_OTHER: User 'admin' set: [system name-server 172.31.1.100] 
2026-10-03T07:03:57+00:00 R2 mgd[19722]: UI_CFG_AUDIT_SET: User 'admin' set: [system name-server 172.31.1.100 routing-instance] unconfigured -- "mgmt_junos"
2026-10-03T07:04:07+00:00 R2 mgd[19722]: UI_CFG_AUDIT_SET: User 'admin' set: [system domain-name] unconfigured -- "sys101.lab"
2026-10-03T07:04:18+00:00 R2 mgd[19722]: UI_CFG_AUDIT_SET: User 'admin' set: [system time-zone] unconfigured -- "Europe/Amsterdam"
2026-10-03T07:04:42+00:00 R2 mgd[19722]: UI_COMMIT: User 'admin' requested 'commit' operation (comment: none)
2026-10-03T07:04:43+00:00 R2 ffp: "dynamic-profiles": No change to profiles 
2026-10-03T07:04:43+00:00 R2 chassisd[18895]: CHASSISD_IPC_WRITE_ERR_NULL_ARGS: FRU has no connection arguments fru_send_msg FPC 0
2026-10-03T09:04:43+00:00 R2 mgd[19722]: UI_CONFIGURATION_REVISION_UPDATED: New database revision 're0-1791011082-7' and old database revision 're0-1791010215-6'
2026-10-03T09:04:43+00:00 R2 mgd[19722]: UI_COMMIT_COMPLETED:  : commit complete 
2026-10-03T09:05:10+00:00 R2 rpd[19279]: JTASK_IO_CONNECT_FAILED: unix:/var/run/japi_rmopd_ac./var/run/japi_rmopd: Connecting to /var/run/japi_rmopd failed: No such file or directory
2026-10-03T09:07:02+00:00 R2 rpd[19279]: JTASK_IO_CONNECT_FAILED: unix:/var/run/japi_rmopd_ac./var/run/japi_rmopd: Connecting to /var/run/japi_rmopd failed: No such file or directory
2026-10-03T09:09:11+00:00 R2 mgd[19722]: UI_CFG_AUDIT_OTHER: User 'admin' set: [interfaces lo0 unit 0] 
2026-10-03T09:09:11+00:00 R2 mgd[19722]: UI_CFG_AUDIT_OTHER: User 'admin' set: [interfaces lo0 unit 0 family inet] 
2026-10-03T09:09:11+00:00 R2 mgd[19722]: UI_CFG_AUDIT_OTHER: User 'admin' set: [interfaces lo0 unit 0 family inet address 192.0.0.2/32] 
2026-10-03T09:09:24+00:00 R2 rpd[19279]: JTASK_IO_CONNECT_FAILED: unix:/var/run/japi_rmopd_ac./var/run/japi_rmopd: Connecting to /var/run/japi_rmopd failed: No such file or directory
2026-10-03T09:10:03+00:00 R2 mgd[19722]: UI_CFG_AUDIT_OTHER: User 'admin' set: [system ntp server 172.31.1.100] 
2026-10-03T09:10:03+00:00 R2 mgd[19722]: UI_CFG_AUDIT_SET: User 'admin' set: [system ntp server 172.31.1.100 routing-instance] unconfigured -- "mgmt_junos"
2026-10-03T09:10:03+00:00 R2 mgd[19722]: UI_CFG_AUDIT_SET_SECRET: User 'admin' set: [system ntp server 172.31.1.100 key]
2026-10-03T09:10:39+00:00 R2 mgd[19722]: UI_CFG_AUDIT_OTHER: User 'admin' set: [system ntp authentication-key 1] 
2026-10-03T09:10:39+00:00 R2 mgd[19722]: UI_CFG_AUDIT_SET: User 'admin' set: [system ntp authentication-key 1 type] unconfigured -- "md5"
2026-10-03T09:10:39+00:00 R2 mgd[19722]: UI_CFG_AUDIT_SET_SECRET: User 'admin' set: [system ntp authentication-key 1 value]
2026-10-03T09:11:12+00:00 R2 mgd[19722]: UI_CFG_AUDIT_OTHER: User 'admin' set: [system ntp trusted-key 1] 
2026-10-03T09:11:20+00:00 R2 mgd[19722]: UI_COMMIT: User 'admin' requested 'commit' operation (comment: none)
2026-10-03T09:11:22+00:00 R2 ffp: "dynamic-profiles": No change to profiles 
2026-10-03T09:11:23+00:00 R2 kernel: sysctl_net_ifstate_tracerec_max: IFSTATE tracerecord buffer size changed to 100000.
2026-10-03T09:11:23+00:00 R2 xntpd[23410]: ntpd 4.2.8p15-a Tue Dec 16 17:23:02  2025 (1): Starting
2026-10-03T09:11:23+00:00 R2 xntpd[23410]: Command line: /usr/sbin/xntpd -j -N -g
2026-10-03T09:11:23+00:00 R2 rpd[19279]: L2VPN acquiring mastership for primary
2026-10-03T09:11:23+00:00 R2 rpd[19279]: RPD_COMMIT_SYNC_STATUS: RPD commit sync completed on MASTER
2026-10-03T09:11:23+00:00 R2 rpd[19279]: L2CKT acquiring mastership for primary
2026-10-03T09:11:23+00:00 R2 rpd[19279]: RPD_COMMIT_JOBS_STATUS: RPD commit jobs started on MASTER
2026-10-03T09:11:23+00:00 R2 rpd[19279]: RPD_COMMIT_JOBS_STATUS:  RPD commit jobs completed on MASTER
2026-10-03T09:11:23+00:00 R2 last message repeated 2 times
2026-10-03T09:11:23+00:00 R2 chassisd[18895]: CHASSISD_IPC_WRITE_ERR_NULL_ARGS: FRU has no connection arguments fru_send_msg FPC 0
2026-10-03T09:11:23+00:00 R2 rpd[19279]: RPD_RT_HWM_NOTICE: New RIB highwatermark for unique destinations: 18 [2026-10-03 09:11:23]
2026-10-03T09:11:23+00:00 R2 rpd[19279]: RPD_RT_HWM_NOTICE: New RIB highwatermark for routes: 19 [2026-10-03 09:11:23]
2026-10-03T09:11:23+00:00 R2 mgd[19722]: UI_CONFIGURATION_REVISION_UPDATED: New database revision 're0-1791011480-8' and old database revision 're0-1791011082-7'
2026-10-03T09:11:23+00:00 R2 mgd[19722]: UI_COMMIT_COMPLETED:  : commit complete 
2026-10-03T09:11:23+00:00 R2 xntpd[23410]: ntpd 4.2.8p15-a Tue Dec 16 17:23:02  2025 (1): Starting
2026-10-03T09:11:23+00:00 R2 xntpd[23410]: Command line: /usr/sbin/xntpd -j -N -g
2026-10-03T09:11:28+00:00 R2 kernel: sysctl_net_ifstate_tracerec_max: IFSTATE tracerecord buffer size changed to 100000.
2026-10-03T12:08:08+00:00 R2 xntpd[23410]: ntpd: time reset +10597.599265 s
2026-10-03T12:08:09+00:00 R2 kernel: hw.chassis.startup_time update to 1791019578.950491
2026-10-03T12:08:10+00:00 R2 kernel: sysctl_net_ifstate_tracerec_max: IFSTATE tracerecord buffer size changed to 100000.
2026-10-03T12:08:10+00:00 R2 kernel: sysctl_net_ifstate_tracerec_max: IFSTATE tracerecord buffer size changed to 100000.
2026-10-03T12:08:14+00:00 R2 rpd[19279]: JTASK_IO_CONNECT_FAILED: unix:/var/run/japi_rmopd_ac./var/run/japi_rmopd: Connecting to /var/run/japi_rmopd failed: No such file or directory
2026-10-03T12:08:15+00:00 R2 kernel: sysctl_net_ifstate_tracerec_max: IFSTATE tracerecord buffer size changed to 100000.
2026-10-03T12:08:21+00:00 R2 kernel: sysctl_net_ifstate_tracerec_max: IFSTATE tracerecord buffer size changed to 100000.
2026-10-03T12:08:26+00:00 R2 jlaunchd[18878]: rtsock-messages is thrashing, not restarted
2026-10-03T12:08:26+00:00 R2 jlaunchd[18878]: ifstate-tracing-process is thrashing, not restarted
2026-10-03T12:08:26+00:00 R2 kernel: sysctl_net_ifstate_tracerec_max: IFSTATE tracerecord buffer size changed to 100000.
2026-10-03T12:09:51+00:00 R2 rpd[19279]: JTASK_IO_CONNECT_FAILED: unix:/var/run/japi_rmopd_ac./var/run/japi_rmopd: Connecting to /var/run/japi_rmopd failed: No such file or directory
2026-10-03T12:11:34+00:00 R2 rpd[19279]: JTASK_IO_CONNECT_FAILED: unix:/var/run/japi_rmopd_ac./var/run/japi_rmopd: Connecting to /var/run/japi_rmopd failed: No such file or directory
2026-10-03T12:11:47+00:00 R2 /usr/bin/ssh[23557]: ssh: connect to host 172.31.1.100 port 22: No route to host
2026-10-03T12:11:47+00:00 R2 mgd[19722]: UI_CFG_AUDIT_OTHER: User 'admin' set: [system archival configuration archive-sites "scp://lab@172.31.1.100/srv/ftp/archive"] 
2026-10-03T12:11:47+00:00 R2 mgd[19722]: UI_CFG_AUDIT_SET_SECRET: User 'admin' set: [system archival configuration archive-sites "scp://lab@172.31.1.100/srv/ftp/archive" password]
2026-10-03T12:12:07+00:00 R2 mgd[19722]: UI_CFG_AUDIT_SET: User 'admin' set: [system archival configuration routing-instance] unconfigured -- "mgmt_junos"
2026-10-03T12:12:28+00:00 R2 rpd[19279]: JTASK_SCHED_TASK_HEARTBEAT_EXPIRATION: time elapsed 10898 sec, heartbeat counter values current:7852 last:7036, BACKTRACE:[^0x30b98cb ^0x7baafb9 ^0x7baa577 ^0xffffea14 ^0x7ccfd08 ^0x30ffeb1 ^0x30ba8e8 ^0x30b9cda ^0x14264a7 ^0x7c3d996 ^0x13fab78]
2026-10-03T12:12:45+00:00 R2 mgd[19722]: UI_CFG_AUDIT_SET: User 'admin' set: [system archival configuration routing-instance] "mgmt_junos -- "mgmt_junos"
2026-10-03T12:12:45+00:00 R2 mgd[19722]: UI_CFG_AUDIT_SET: User 'admin' set: [system archival configuration] unconfigured -- "transfer-on-commit"
2026-10-03T12:13:13+00:00 R2 mgd[19722]: UI_COMMIT: User 'admin' requested 'commit' operation (comment: none)
2026-10-03T12:13:14+00:00 R2 ffp: "dynamic-profiles": No change to profiles 
2026-10-03T12:13:14+00:00 R2 mgd[19722]: UI_CONFIGURATION_REVISION_UPDATED: New database revision 're0-1791022393-9' and old database revision 're0-1791011480-8'
2026-10-03T12:13:14+00:00 R2 mgd[19722]: UI_COMMIT_COMPLETED:  : commit complete 
2026-10-03T12:13:16+00:00 R2 chassisd[18895]: CHASSISD_FRU_UNRESPONSIVE_RETRY: Attempt 3 to power on FPC 0 timed out; restarted it
2026-10-03T12:13:16+00:00 R2 chassisd[18895]: CHASSISD_IPC_WRITE_ERR_NULL_ARGS: FRU has no connection arguments fru_send_msg FPC 0
2026-10-03T12:13:16+00:00 R2 chassisd[18895]: CHASSISD_FRU_OFFLINE_NOTICE: Taking FPC 0 offline: Restarting unresponsive board
2026-10-03T12:13:16+00:00 R2 chassisd[18895]: CHASSISD_SNMP_TRAP3: ENTITY trap generated: entStateOperDisabled (entPhysicalIndex 20, entStateAdmin 4, entStateAlarm 2)
2026-10-03T12:13:16+00:00 R2 chassisd[18895]: CHASSISD_SNMP_TRAP0: ENTITY trap generated: entConfigChanged
2026-10-03T12:13:16+00:00 R2 chassisd[18895]: CHASSISD_SNMP_TRAP10: SNMP trap generated: FRU power off (jnxFruContentsIndex 7, jnxFruL1Index 1, jnxFruL2Index 0, jnxFruL3Index 0, jnxFruName FPC: Virtual FPC @ 0/*/*, jnxFruType 3, jnxFruSlot 0, jnxFruOfflineReason 15, jnxFruLastPowerOff 274628, jnxFruLastPowerOn 184627)
2026-10-03T12:13:16+00:00 R2 chassisd[18895]: CHASSISD_SNMP_TRAP10: SNMP trap generated: Fru Offline (jnxFruContentsIndex 7, jnxFruL1Index 1, jnxFruL2Index 0, jnxFruL3Index 0, jnxFruName FPC: Virtual FPC @ 0/*/*, jnxFruType 3, jnxFruSlot 0, jnxFruOfflineReason 15, jnxFruLastPowerOff 274628, jnxFruLastPowerOn 184627)
2026-10-03T12:13:16+00:00 R2 chassisd[18895]: CHASSISD_SNMP_TRAP3: ENTITY trap generated: entStateOperDisabled (entPhysicalIndex 20, entStateAdmin 2, entStateAlarm 2)
2026-10-03T12:13:20+00:00 R2 logger[24232]: transfer-file: Transferred /var/transfer/config/R2_20261003_101314_juniper.conf.gz
2026-10-03T12:13:32+00:00 R2 chassisd[18895]: CHASSISD_SNMP_TRAP10: SNMP trap generated: FRU power on (jnxFruContentsIndex 7, jnxFruL1Index 1, jnxFruL2Index 0, jnxFruL3Index 0, jnxFruName FPC: Virtual FPC @ 0/*/*, jnxFruType 3, jnxFruSlot 0, jnxFruOfflineReason 2, jnxFruLastPowerOff 274628, jnxFruLastPowerOn 276229)
2026-10-03T12:13:46+00:00 R2 rpd[19279]: JTASK_IO_CONNECT_FAILED: unix:/var/run/japi_rmopd_ac./var/run/japi_rmopd: Connecting to /var/run/japi_rmopd failed: No such file or directory
2026-10-03T12:14:17+00:00 R2 mgd[19722]: UI_CFG_AUDIT_SET: User 'admin' set: [system location building] unconfigured -- "JNCIE"
2026-10-03T12:14:20+00:00 R2 mgd[19722]: UI_COMMIT: User 'admin' requested 'commit' operation (comment: none)
2026-10-03T12:14:21+00:00 R2 ffp: "dynamic-profiles": No change to profiles 
2026-10-03T12:14:22+00:00 R2 chassisd[18895]: CHASSISD_IPC_WRITE_ERR_NULL_ARGS: FRU has no connection arguments fru_send_msg FPC 0
2026-10-03T12:14:22+00:00 R2 mgd[19722]: UI_CONFIGURATION_REVISION_UPDATED: New database revision 're0-1791022460-10' and old database revision 're0-1791022393-9'
2026-10-03T12:14:22+00:00 R2 mgd[19722]: UI_COMMIT_COMPLETED:  : commit complete 
2026-10-03T12:15:20+00:00 R2 logger[24960]: transfer-file: Transferred /var/transfer/config/R2_20261003_101422_juniper.conf.gz
2026-10-03T12:15:20+00:00 R2 mgd[19722]: UI_DBASE_LOGOUT_EVENT: User 'admin' exiting configuration mode
2026-10-03T12:15:25+00:00 R2 rpd[19279]: JTASK_IO_CONNECT_FAILED: unix:/var/run/japi_rmopd_ac./var/run/japi_rmopd: Connecting to /var/run/japi_rmopd failed: No such file or directory
2026-10-03T12:16:42+00:00 R2 /usr/bin/ssh[24967]: ssh: connect to host 172.31.1.100 port 22: No route to host
2026-10-03T12:16:42+00:00 R2 LIBJNX_EXEC_WEXIT: Command exited: PID 24966, status 1, command '/usr/bin/scp'
2026-10-03T12:17:02+00:00 R2 rpd[19279]: JTASK_IO_CONNECT_FAILED: unix:/var/run/japi_rmopd_ac./var/run/japi_rmopd: Connecting to /var/run/japi_rmopd failed: No such file or directory
2026-10-03T12:17:59+00:00 R2 mgd[19722]: UI_DBASE_LOGIN_EVENT: User 'admin' entering configuration mode
2026-10-03T12:19:24+00:00 R2 rpd[19279]: JTASK_IO_CONNECT_FAILED: unix:/var/run/japi_rmopd_ac./var/run/japi_rmopd: Connecting to /var/run/japi_rmopd failed: No such file or directory
2026-10-03T12:19:48+00:00 R2 mgd[19722]: UI_CFG_AUDIT_OTHER: User 'admin' set: [system login class ops-class permissions clear] 
2026-10-03T12:19:51+00:00 R2 mgd[19722]: UI_CFG_AUDIT_OTHER: User 'admin' set: [system login class ops-class permissions network] 
2026-10-03T12:20:11+00:00 R2 mgd[19722]: UI_CFG_AUDIT_OTHER: User 'admin' set: [system login class ops-class permissions reset] 
2026-10-03T12:20:11+00:00 R2 mgd[19722]: UI_CFG_AUDIT_OTHER: User 'admin' set: [system login class ops-class permissions trace] 
2026-10-03T12:20:11+00:00 R2 mgd[19722]: UI_CFG_AUDIT_OTHER: User 'admin' set: [system login class ops-class permissions view] 
2026-10-03T12:20:59+00:00 R2 mgd[19722]: UI_CFG_AUDIT_OTHER: User 'admin' set: [system login class noc-class permissions all] 
2026-10-03T12:20:59+00:00 R2 mgd[19722]: UI_CFG_AUDIT_SET: User 'admin' set: [system login class noc-class deny-commands] unconfigured -- "(clear|configure|edit|start-shell)"
2026-10-03T12:21:10+00:00 R2 rpd[19279]: JTASK_IO_CONNECT_FAILED: unix:/var/run/japi_rmopd_ac./var/run/japi_rmopd: Connecting to /var/run/japi_rmopd failed: No such file or directory
2026-10-03T12:21:15+00:00 R2 mgd[19722]: UI_CFG_AUDIT_SET: User 'admin' set: [system login user radius-ops class] unconfigured -- "ops-class"
2026-10-03T12:21:42+00:00 R2 mgd[19722]: UI_CFG_AUDIT_SET: User 'admin' set: [system login user radius-noc class] unconfigured -- "noc-class"
2026-10-03T12:22:20+00:00 R2 mgd[19722]: UI_COMMIT: User 'admin' requested 'commit' operation (comment: none)
2026-10-03T12:22:21+00:00 R2 ffp: "dynamic-profiles": No change to profiles 
2026-10-03T12:22:22+00:00 R2 mgd[19722]: UI_CONFIGURATION_REVISION_UPDATED: New database revision 're0-1791022940-11' and old database revision 're0-1791022460-10'
2026-10-03T12:22:22+00:00 R2 mgd[19722]: UI_COMMIT_COMPLETED:  : commit complete 
2026-10-03T12:22:33+00:00 R2 mgd[19722]: UI_CFG_AUDIT_OTHER: User 'admin' set: [system authentication-order radius] 
2026-10-03T12:22:33+00:00 R2 mgd[19722]: UI_CFG_AUDIT_OTHER: User 'admin' set: [system authentication-order password] 
2026-10-03T12:23:10+00:00 R2 rpd[19279]: JTASK_IO_CONNECT_FAILED: unix:/var/run/japi_rmopd_ac./var/run/japi_rmopd: Connecting to /var/run/japi_rmopd failed: No such file or directory
2026-10-03T12:23:13+00:00 R2 mgd[19722]: UI_CFG_AUDIT_OTHER: User 'admin' set: [system radius-server 172.31.1.100] 
2026-10-03T12:23:13+00:00 R2 mgd[19722]: UI_CFG_AUDIT_SET: User 'admin' set: [system radius-server 172.31.1.100 routing-instance] unconfigured -- "mgmt_junos"
2026-10-03T12:23:13+00:00 R2 mgd[19722]: UI_CFG_AUDIT_SET: User 'admin' set: [system radius-server 172.31.1.100 retry] unconfigured -- "1"
2026-10-03T12:23:13+00:00 R2 mgd[19722]: UI_CFG_AUDIT_SET: User 'admin' set: [system radius-server 172.31.1.100 timeout] unconfigured -- "2"
2026-10-03T12:23:13+00:00 R2 mgd[19722]: UI_CFG_AUDIT_SET_SECRET: User 'admin' set: [system radius-server 172.31.1.100 secret]
2026-10-03T12:23:20+00:00 R2 logger[25714]: transfer-file: Transferred /var/transfer/config/R2_20261003_102222_juniper.conf.gz
2026-10-03T12:24:32+00:00 R2 mgd[19722]: UI_COMMIT: User 'admin' requested 'commit' operation (comment: none)
2026-10-03T12:24:32+00:00 R2 ffp: "dynamic-profiles": No change to profiles 
2026-10-03T12:24:33+00:00 R2 mgd[19722]: UI_CONFIGURATION_REVISION_UPDATED: New database revision 're0-1791023072-12' and old database revision 're0-1791022940-11'
2026-10-03T12:24:33+00:00 R2 mgd[19722]: UI_COMMIT_COMPLETED:  : commit complete 
2026-10-03T12:24:46+00:00 R2 inetd[18912]: /usr/sbin/sshd[26359]: exited, status 255
2026-10-03T12:24:52+00:00 R2 rpd[19279]: JTASK_IO_CONNECT_FAILED: unix:/var/run/japi_rmopd_ac./var/run/japi_rmopd: Connecting to /var/run/japi_rmopd failed: No such file or directory
2026-10-03T12:25:11+00:00 R2 inetd[18912]: /usr/sbin/sshd[26363]: exited, status 255
2026-10-03T12:25:20+00:00 R2 logger[26396]: transfer-file: Transferred /var/transfer/config/R2_20261003_102433_juniper.conf.gz
2026-10-03T12:25:26+00:00 R2 inetd[18912]: /usr/sbin/sshd[26373]: exited, status 255
2026-10-03T12:25:34+00:00 R2 mgd[26403]: UI_DBASE_LOGIN_EVENT: User 'lab' entering configuration mode
2026-10-03T12:25:35+00:00 R2 mgd[26403]: UI_DBASE_LOGOUT_EVENT: User 'lab' exiting configuration mode
2026-10-03T12:25:37+00:00 R2 inetd[18912]: /usr/sbin/sshd[26398]: exited, status 255
2026-10-03T12:27:34+00:00 R2 inetd[18912]: /usr/sbin/sshd[26424]: exited, status 255
2026-10-03T12:27:50+00:00 R2 xntpd[23410]: ntpd: time reset +1.220331 s
2026-10-03T12:27:52+00:00 R2 kernel: hw.chassis.startup_time update to 1791019580.170819
2026-10-03T12:28:36+00:00 R2 chassisd[18895]: CHASSISD_FRU_UNRESPONSIVE: Error for FPC 0: unresponsive to attempts to start it; left it offline
2026-10-03T12:28:36+00:00 R2 chassisd[18895]: CHASSISD_IPC_WRITE_ERR_NULL_ARGS: FRU has no connection arguments fru_send_msg FPC 0
2026-10-03T12:28:36+00:00 R2 chassisd[18895]: CHASSISD_FRU_OFFLINE_NOTICE: Taking FPC 0 offline: Error
2026-10-03T12:28:36+00:00 R2 chassisd[18895]: CHASSISD_SNMP_TRAP3: ENTITY trap generated: entStateOperDisabled (entPhysicalIndex 20, entStateAdmin 4, entStateAlarm 2)
2026-10-03T12:28:36+00:00 R2 chassisd[18895]: CHASSISD_SNMP_TRAP0: ENTITY trap generated: entConfigChanged
2026-10-03T12:28:36+00:00 R2 chassisd[18895]: CHASSISD_SNMP_TRAP10: SNMP trap generated: FRU power off (jnxFruContentsIndex 7, jnxFruL1Index 1, jnxFruL2Index 0, jnxFruL3Index 0, jnxFruName FPC: Virtual FPC @ 0/*/*, jnxFruType 3, jnxFruSlot 0, jnxFruOfflineReason 3, jnxFruLastPowerOff 366455, jnxFruLastPowerOn 276453)
2026-10-03T12:28:36+00:00 R2 chassisd[18895]: CHASSISD_SNMP_TRAP10: SNMP trap generated: Fru Offline (jnxFruContentsIndex 7, jnxFruL1Index 1, jnxFruL2Index 0, jnxFruL3Index 0, jnxFruName FPC: Virtual FPC @ 0/*/*, jnxFruType 3, jnxFruSlot 0, jnxFruOfflineReason 3, jnxFruLastPowerOff 366455, jnxFruLastPowerOn 276453)
2026-10-03T12:28:36+00:00 R2 chassisd[18895]: CHASSISD_SNMP_TRAP3: ENTITY trap generated: entStateOperDisabled (entPhysicalIndex 20, entStateAdmin 2, entStateAlarm 2)
2026-10-03T12:28:36+00:00 R2 chassisd[18895]: CHASSISD_SNMP_TRAP7: SNMP trap generated: Fru Failed (jnxFruContentsIndex 7, jnxFruL1Index 1, jnxFruL2Index 0, jnxFruL3Index 0, jnxFruName FPC: Virtual FPC @ 0/*/*, jnxFruType 3, jnxFruSlot 0)
2026-10-03T12:28:36+00:00 R2 alarmd: ALARMD_SET_ALERT: Alarm set: FPC id=16777320, color=RED, class=CHASSIS, reason=FPC 0 Hard errors 
2026-10-03T12:28:36+00:00 R2 alarmd: ALARMD_STATE_SET: Alarm set: col = 1,cls = 100,obj = 104,short = FPC 0 Hard errors,long = FPC 0 Hard errors 
2026-10-03T12:28:44+00:00 R2 rpd[19279]: JTASK_IO_CONNECT_FAILED: unix:/var/run/japi_rmopd_ac./var/run/japi_rmopd: Connecting to /var/run/japi_rmopd failed: No such file or directory
2026-10-03T12:30:27+00:00 R2 rpd[19279]: JTASK_IO_CONNECT_FAILED: unix:/var/run/japi_rmopd_ac./var/run/japi_rmopd: Connecting to /var/run/japi_rmopd failed: No such file or directory
2026-10-03T12:32:39+00:00 R2 rpd[19279]: JTASK_IO_CONNECT_FAILED: unix:/var/run/japi_rmopd_ac./var/run/japi_rmopd: Connecting to /var/run/japi_rmopd failed: No such file or directory
2026-10-03T12:33:47+00:00 R2 mgd[19722]: UI_DBASE_LOGOUT_EVENT: User 'admin' exiting configuration mode
2026-10-03T12:33:48+00:00 R2 inetd[18912]: /usr/sbin/sshd[19715]: exited, status 255
